INFO [2024-06-26 21:02:36] $x
INFO [2024-06-26 21:02:36] list(set1, set2, set3)
INFO [2024-06-26 21:02:36] 
INFO [2024-06-26 21:02:36] $category.names
INFO [2024-06-26 21:02:36] c("Set 1", "Set 2 ", "Set 3")
INFO [2024-06-26 21:02:36] 
INFO [2024-06-26 21:02:36] $filename
INFO [2024-06-26 21:02:36] [1] "#14_venn_diagramm.png"
INFO [2024-06-26 21:02:36] 
INFO [2024-06-26 21:02:36] $output
INFO [2024-06-26 21:02:36] [1] TRUE
INFO [2024-06-26 21:02:36] 
INFO [2024-06-26 21:02:36] $imagetype
INFO [2024-06-26 21:02:36] [1] "png"
INFO [2024-06-26 21:02:36] 
INFO [2024-06-26 21:02:36] $height
INFO [2024-06-26 21:02:36] [1] 480
INFO [2024-06-26 21:02:36] 
INFO [2024-06-26 21:02:36] $width
INFO [2024-06-26 21:02:36] [1] 480
INFO [2024-06-26 21:02:36] 
INFO [2024-06-26 21:02:36] $resolution
INFO [2024-06-26 21:02:36] [1] 300
INFO [2024-06-26 21:02:36] 
INFO [2024-06-26 21:02:36] $compression
INFO [2024-06-26 21:02:36] [1] "lzw"
INFO [2024-06-26 21:02:36] 
INFO [2024-06-26 21:02:36] $lwd
INFO [2024-06-26 21:02:36] [1] 2
INFO [2024-06-26 21:02:36] 
INFO [2024-06-26 21:02:36] $lty
INFO [2024-06-26 21:02:36] [1] "blank"
INFO [2024-06-26 21:02:36] 
INFO [2024-06-26 21:02:36] $fill
INFO [2024-06-26 21:02:36] myCol
INFO [2024-06-26 21:02:36] 
INFO [2024-06-26 21:02:36] $cex
INFO [2024-06-26 21:02:36] [1] 0.6
INFO [2024-06-26 21:02:36] 
INFO [2024-06-26 21:02:36] $fontface
INFO [2024-06-26 21:02:36] [1] "bold"
INFO [2024-06-26 21:02:36] 
INFO [2024-06-26 21:02:36] $fontfamily
INFO [2024-06-26 21:02:36] [1] "sans"
INFO [2024-06-26 21:02:36] 
INFO [2024-06-26 21:02:36] $cat.cex
INFO [2024-06-26 21:02:36] [1] 0.6
INFO [2024-06-26 21:02:36] 
INFO [2024-06-26 21:02:36] $cat.fontface
INFO [2024-06-26 21:02:36] [1] "bold"
INFO [2024-06-26 21:02:36] 
INFO [2024-06-26 21:02:36] $cat.default.pos
INFO [2024-06-26 21:02:36] [1] "outer"
INFO [2024-06-26 21:02:36] 
INFO [2024-06-26 21:02:36] $cat.pos
INFO [2024-06-26 21:02:36] c(-27, 27, 135)
INFO [2024-06-26 21:02:36] 
INFO [2024-06-26 21:02:36] $cat.dist
INFO [2024-06-26 21:02:36] c(0.055, 0.055, 0.085)
INFO [2024-06-26 21:02:36] 
INFO [2024-06-26 21:02:36] $cat.fontfamily
INFO [2024-06-26 21:02:36] [1] "sans"
INFO [2024-06-26 21:02:36] 
INFO [2024-06-26 21:02:36] $rotation
INFO [2024-06-26 21:02:36] [1] 1
INFO [2024-06-26 21:02:36] 
