producer_class	xtools.gsea.Gsea
producer_timestamp	1699050708591
param	zip_report	false
param	num	100
param	scoring_scheme	weighted
param	norm	meandiv
param	out	D:\DEG\GSE219036_6_june\GSEA\kera
param	mode	Max_probe
param	include_only_symbols	true
param	set_max	500
param	gmx	ftp.broadinstitute.org://pub/gsea/msigdb/human/gene_sets/h.all.v2023.2.Hs.symbols.gmt
param	plot_top_x	20
param	nperm	1000
param	order	descending
param	rnd_seed	timestamp
param	rpt_label	all_vs_mock
param	set_min	15
param	res	D:\DEG\GSE219036_6_june\GSEA\kera\kera_ex.txt
param	chip	ftp.broadinstitute.org://pub/gsea/msigdb/human/annotations/Human_Ensembl_Gene_ID_MSigDB.v2023.2.Hs.chip
param	create_svgs	false
param	cls	D:\DEG\GSE219036_6_june\GSEA\kera\kera_pheno.cls#REST_versus_mock
param	sort	real
param	create_gcts	false
param	help	false
param	save_rnd_lists	false
param	median	false
param	metric	Signal2Noise
param	make_sets	true
param	rnd_type	no_balance
param	gui	false
param	permute	gene_set
param	collapse	Collapse

file	D:\DEG\GSE219036_6_june\GSEA\kera\all_vs_mock.Gsea.1699050708591\index.html
